== SUMMARY ==
translated_count=7

== PROMPTS (送信順) ==
[000] model=fake-model
--- system ---
あなたは Skyrim Mod の翻訳者です。与えられた英語の本文を、原文の意味と語調を保った自然な日本語へ翻訳してください。訳文だけを出力し、説明や注釈は加えないでください。

これは固有名詞です。文脈に依存しない簡潔な訳とし、既存の確定訳語があればそれに合わせること。
--- user ---
Aventus Aretino

[001] model=fake-model
--- system ---
あなたは Skyrim Mod の翻訳者です。与えられた英語の本文を、原文の意味と語調を保った自然な日本語へ翻訳してください。訳文だけを出力し、説明や注釈は加えないでください。

これは装備・呪文・効果などの説明文です。性能や効果を正確に保ち、簡潔で読みやすい説明口調の日本語へ訳すこと。
--- user ---
A blade once held by 訳001.

[002] model=fake-model
--- system ---
あなたは Skyrim Mod の翻訳者です。与えられた英語の本文を、原文の意味と語調を保った自然な日本語へ翻訳してください。訳文だけを出力し、説明や注釈は加えないでください。

これは書物の本文です。文章の格調と語り口を保ち、読み物として自然な日本語へ訳すこと。
--- user ---
A long account of the old kings of the north, told by グレロッド.

[003] model=fake-model
--- system ---
あなたは Skyrim Mod の翻訳者です。与えられた英語の本文を、原文の意味と語調を保った自然な日本語へ翻訳してください。訳文だけを出力し、説明や注釈は加えないでください。

これは UI やオブジェクト操作などの定型的な短い語句です。簡潔で一般的な日本語へ訳すこと。
--- user ---
Open

[004] model=fake-model
--- system ---
あなたは Skyrim Mod の翻訳者です。与えられた英語の本文を、原文の意味と語調を保った自然な日本語へ翻訳してください。訳文だけを出力し、説明や注釈は加えないでください。

この台詞の話者の人物像:
- 口調: 感情を交えない事務的な口調。敬語にも砕けにも寄らず淡々と述べる。
- 人称と言い回し: 一人称は「わたし」。落ち着いた言い回しにする。
この人物像に合う口調と人称で訳すこと。
--- user ---
Have you come to help me with the trouble in town?

[005] model=fake-model
--- system ---
あなたは Skyrim Mod の翻訳者です。与えられた英語の本文を、原文の意味と語調を保った自然な日本語へ翻訳してください。訳文だけを出力し、説明や注釈は加えないでください。

この台詞の話者の人物像:
- 口調: 飾らない率直な口調。過度な敬語も乱暴さもなく話す。
- 人称と言い回し: 一人称は「わたし」。落ち着いた言い回しにする。
この人物像に合う口調と人称で訳すこと。
--- user ---
I fear アベンタス will not come back to town.

[006] model=fake-model
--- system ---
あなたは Skyrim Mod の翻訳者です。与えられた英語の本文を、原文の意味と語調を保った自然な日本語へ翻訳してください。訳文だけを出力し、説明や注釈は加えないでください。

この台詞の話者の人物像:
- 口調: 衛兵などの不特定多数が話す汎用的な台詞。職務的で簡潔な口調で訳す。
- 感情: 落ち着いた、感情を抑えた調子にする。
この人物像に合う口調と人称で訳すこと。
--- user ---
グレロッド will not return here, of course.

== DB FINAL STATE ==
-- proper_noun (order by category, source) --
source="Aventus Aretino" category="NPC_" dest="訳001" status=3

-- narration (order by plugin, form_id, rec, field, ordinal) --
WEAP:DESC source="A blade once held by Aventus Aretino." dest="訳002" status=3 style="説明体"
BOOK:DESC source="A long account of the old kings of the north, told by Grelod." dest="訳003" status=3 style="書物体"
ACTI:RNAM source="Open" dest="訳004" status=3 style="定型句"

-- line (order by plugin, form_id, rec, field, ordinal) --
INFO:NAM1 source="Have you come to help me with the trouble in town?" dest="訳005" status=3
INFO:NAM1 source="I fear Aventus will not come back to town." dest="訳006" status=3
INFO:NAM1 source="Grelod will not return here, of course." dest="訳007" status=3

-- line_speaker (order by line.form_id, speaker.form_id) --
line=0x500 speaker_edid="MarketWoman" speaker_form=0x060
line=0x500 speaker_edid="TownGuard" speaker_form=0x090
line=0x510 speaker_edid="GateWatch" speaker_form=0x070

-- persona_character (order by speaker_plugin, speaker_form_id) --
Synthetic.esm/0x060 attitude=0 emotion=0 marked=0 path="voice"
Synthetic.esm/0x070 attitude=1 emotion=1 marked=0 path="voice"
Synthetic.esm/0x090 attitude=1 emotion=0 marked=0 path="voice"

-- master_term (order by category, source) --
source="Grelod" dest="グレロッド" category="derive:byname"
source="Aretino" dest="アレティノ" category="derive:two"
source="Aventus" dest="アベンタス" category="derive:two"

-- line_analysis (order by source_hash) --
hash=41152ba03749c5bfe989cec87da63523dd4d960bf5baf439e20b80041b5e8296 sent=1 polite=0 insult=0 imper=0 exclaim=0 elong=0 emotion=1
hash=79256c80ed790c3e391ed8d5df9f1bdfa64746c94ee8c355377d9199842295c8 sent=1 polite=0 insult=0 imper=0 exclaim=0 elong=0 emotion=0
hash=d7b8403c58736ea8b75daf2e17c4eeea21c15b0c52e6b9cb4f56131f40c85766 sent=1 polite=0 insult=0 imper=0 exclaim=0 elong=0 emotion=0

